// Jest Snapshot v1, https://goo.gl/fbAQLP

exports[`MainNav component should show render the main menu 1`] = `
<ul>
  <li>
    Home
  </li>
  <li>
    Event
  </li>
  <li>
    Confirm Presence
  </li>
  <li>
    Dietary Requirements
  </li>
</ul>
`;
